[growtopiagame.com/index.html]
[backblue.gif]
[fade.gif]
[index.html]
[growtopiagame.com/resources/assets/images/growtopia.ico]
[growtopiagame.com/resources/vendors/animate/animate.min.css]
[growtopiagame.com/resources/vendors/FlexSlider/css/flexslider.min.css]
[growtopiagame.com/resources/assets/css/main-min.css]
[growtopiagame.com/resources/assets/css/hamburger-style-min.css]
[growtopiagame.com/resources/assets/css/slick-min.css]
[growtopiagame.com/resources/assets/css/set2-min.css]
[growtopiagame.com/resources/vendors/magnific-popup/magnific-popup-min.css]
[growtopiagame.com/resources/assets/css/custom-min.css]
[growtopiagame.com/resources/assets/images/logo_navibar.png]
[growtopiagame.com/faq.html]
[growtopiagame.com/recover.html]
[growtopiagame.com/resources/assets/images/grow_youtube.png]
[growtopiagame.com/resources/assets/images/grow_insta.png]
[growtopiagame.com/resources/assets/images/grow_twitter.png]
[growtopiagame.com/resources/assets/images/grow_fb.png]
[growtopiagame.com/resources/assets/images/grow_header.jpg]
[growtopiagame.com/resources/assets/images/load.gif]
[growtopiagame.com/resources/assets/images/logo_header.png]
[growtopiagame.com/resources/assets/images/twittericon.png]
[growtopiagame.com/resources/assets/upload/1_grow_feature_1550388575.png]
[growtopiagame.com/resources/assets/upload/resize/1_grow_feature_1550388575.png]
[growtopiagame.com/resources/assets/upload/1_grow_feature_1550391017.png]
[growtopiagame.com/resources/assets/upload/resize/1_grow_feature_1550391017.png]
[growtopiagame.com/resources/assets/upload/1_grow_feature_1550388739.png]
[growtopiagame.com/resources/assets/upload/resize/1_grow_feature_1550388739.png]
[growtopiagame.com/resources/assets/upload/1_grow_feature_1550390623.png]
[growtopiagame.com/resources/assets/upload/resize/1_grow_feature_1550390623.png]
[growtopiagame.com/resources/assets/images/google_badge.png]
[growtopiagame.com/resources/assets/images/appstore_badge.png]
[growtopiagame.com/resources/assets/images/mac_badge.png]
[growtopiagame.com/resources/assets/images/windows_badge.png]
[growtopiagame.com/resources/assets/videos/Growtopia_Official_Trailer_3.webm]
[growtopiagame.com/resources/assets/videos/Growtopia_Official_Trailer_3_large.ogg]
[growtopiagame.com/resources/assets/videos/Growtopia_Official_Trailer_3_hd720.mp4]
[growtopiagame.com/resources/assets/upload/1_grow_world_love_1550391580.jpg]
[growtopiagame.com/resources/assets/upload/resize/1_grow_world_love_1550391580.jpg]
[growtopiagame.com/resources/assets/upload/1_grow_world_love_1550391780.jpg]
[growtopiagame.com/resources/assets/upload/resize/1_grow_world_love_1550391780.jpg]
[growtopiagame.com/resources/assets/upload/1_grow_world_love_1550391803.jpg]
[growtopiagame.com/resources/assets/upload/resize/1_grow_world_love_1550391803.jpg]
[growtopiagame.com/resources/assets/upload/1_grow_world_love_1550391833.jpg]
[growtopiagame.com/resources/assets/upload/resize/1_grow_world_love_1550391833.jpg]
[growtopiagame.com/resources/assets/images/ubi_icon.png]
[growtopiagame.com/resources/assets/upload/1_grow_icon_1513191167.jpg]
[growtopiagame.com/resources/assets/js/growweb.min.js]
[growtopiagame.com/index.html]
[growtopiagame.com/resources/vendors/animate/animate.min.css]
[growtopiagame.com/resources/vendors/FlexSlider/css/flexslider.min.css]
[growtopiagame.com/resources/assets/css/main-min.css]
[growtopiagame.com/resources/assets/images/sidebar_bg.png]
[growtopiagame.com/resources/assets/css/hamburger-style-min.css]
[growtopiagame.com/resources/assets/css/ajax-loader.gif]
[growtopiagame.com/resources/assets/fonts/slick.eot]
[growtopiagame.com/resources/assets/fonts/slickd41d.eot]
[growtopiagame.com/resources/assets/fonts/slick.woff]
[growtopiagame.com/resources/assets/fonts/slick.ttf]
[growtopiagame.com/resources/assets/css/slick-min.css]
[growtopiagame.com/resources/assets/css/set2-min.css]
[growtopiagame.com/resources/vendors/magnific-popup/magnific-popup-min.css]
[growtopiagame.com/resources/assets/fonts/GOTHIC.TTF]
[growtopiagame.com/resources/assets/fonts/GOTHICB.TTF]
[growtopiagame.com/resources/assets/images/grow_bg2.png]
[growtopiagame.com/resources/assets/images/grow_dirt_faq.png]
[growtopiagame.com/resources/assets/images/grow_dude_sign.png]
[growtopiagame.com/resources/assets/images/grow_bg3.png]
[growtopiagame.com/resources/assets/images/bullet.png]
[growtopiagame.com/resources/assets/css/custom-min.css]
[growtopiagame.com/resources/assets/images/loder.svg]
[growtopiagame.com/resources/vendors/font-awesome/css/font-awesome.min.css]
[growtopiagame.com/resources/assets/css/faq-main.css]
[growtopiagame.com/resources/assets/css/faq-custom.css]
[growtopiagame.com/faq/category-detail/parents-guide.html]
[growtopiagame.com/faq/detail/about-growtopia.html]
[growtopiagame.com/faq/detail/what-is-the-age-rating-of-growtopia.html]
[growtopiagame.com/faq/detail/can-someone-steal-my-childs-itemsaccount-how-can-i-prevent-it.html]
[growtopiagame.com/faq/detail/is-my-childs-personal-information-safe-in-growtopia.html]
[growtopiagame.com/faq/detail/why-do-you-advise-players-to-create-growid.html]
[growtopiagame.com/faq/category-detail/user-account.html]
[growtopiagame.com/faq/detail/false-account-claims.html]
[growtopiagame.com/faq/detail/my-personal-data.html]
[growtopiagame.com/faq/detail/i-want-to-change-my-growid.html]
[growtopiagame.com/faq/detail/is-buying-selling-accounts-allowed.html]
[growtopiagame.com/faq/detail/my-device-ip-is-banned-but-showing-a-different-user.html]
[growtopiagame.com/faq/category-detail/gameplay.html]
[growtopiagame.com/faq/detail/how-can-i-be-supporter-super-supporter.html]
[growtopiagame.com/faq/detail/i-have-a-suggestion.html]
[growtopiagame.com/faq/detail/my-first-world.html]
[growtopiagame.com/faq/detail/how-to-get-started.html]
[growtopiagame.com/faq/detail/how-can-i-change-my-worlds-name.html]
[growtopiagame.com/faq/category-detail/technical-support.html]
[growtopiagame.com/faq/detail/android-cant-update-the-game.html]
[growtopiagame.com/faq/detail/android-my-game-crashes.html]
[growtopiagame.com/faq/detail/ios-my-game-crashes.html]
[growtopiagame.com/faq/detail/connectivity-issues.html]
[growtopiagame.com/faq/category-detail/fan-art-and-content.html]
[growtopiagame.com/faq/detail/sponsored-items-epic-quests.html]
[growtopiagame.com/faq/detail/using-growtopia-assets-for-apps-and-websites.html]
[growtopiagame.com/faq/detail/i-want-to-share-my-fan-art.html]
[growtopiagame.com/faq/detail/how-can-i-get-votw.html]
[growtopiagame.com/faq/detail/how-can-i-get-wotd.html]
[growtopiagame.com/faq/category-detail/payments.html]
[growtopiagame.com/faq/detail/missing-gems-from-tapjoy-offers.html]
[growtopiagame.com/faq/detail/i-bought-gems-and-i-did-not-receive-them.html]
[growtopiagame.com/faq/detail/my-child-made-purchases-without-my-permission.html]
[growtopiagame.com/faq/detail/i-want-a-refund-paypal-purchases.html]
[growtopiagame.com/faq/detail/i-want-a-refund-google-play-android-purchases.html]
[growtopiagame.com/faq/category-detail/moderators.html]
[growtopiagame.com/faq/detail/ive-been-scammed.html]
[growtopiagame.com/faq/detail/i-want-to-report-a-player-world.html]
[growtopiagame.com/faq/detail/i-want-to-be-a-moderator.html]
[growtopiagame.com/faq/detail/warning-moderator-phishing-sites.html]
[growtopiagame.com/resources/vendors/jquery/jquery-2.1.4.min.js]
[growtopiagame.com/resources/vendors/jquery.easing/jquery.easing.1.3.min.js]
[growtopiagame.com/resources/vendors/bootstrap/javascripts/bootstrap.min.js]
[growtopiagame.com/resources/assets/js/faq-custom.js]
[growtopiagame.com/faq.html]
[growtopiagame.com/account.html]
[growtopiagame.com/recover.html]
[growtopiagame.com/resources/assets/fonts/slick.svg]
[growtopiagame.com/resources/vendors/font-awesome/fonts/fontawesome-webfont3e6e.eot]
[growtopiagame.com/resources/vendors/font-awesome/fonts/fontawesome-webfontd41d.eot]
[growtopiagame.com/resources/vendors/font-awesome/fonts/fontawesome-webfont3e6e.woff2]
[growtopiagame.com/resources/vendors/font-awesome/fonts/fontawesome-webfont3e6e.woff]
[growtopiagame.com/resources/vendors/font-awesome/fonts/fontawesome-webfont3e6e.ttf]
[growtopiagame.com/resources/vendors/font-awesome/css/font-awesome.min.css]
[growtopiagame.com/resources/assets/css/faq-main.css]
[growtopiagame.com/resources/assets/css/faq-custom.css]
[growtopiagame.com/faq/detail/how-can-i-protect-my-child-online-and-in-growtopia.html]
[growtopiagame.com/faq/detail/can-i-block-the-iap-purchases.html]
[growtopiagame.com/faq/detail/does-playing-growtopia-cost-money.html]
[growtopiagame.com/faq/detail/importance-of-online-safety.html]
[growtopiagame.com/faq/category-detail/parents-guide.html]
[growtopiagame.com/faq/detail/about-growtopia.html]
[growtopiagame.com/faq/detail/what-is-the-age-rating-of-growtopia.html]
[growtopiagame.com/faq/detail/can-someone-steal-my-childs-itemsaccount-how-can-i-prevent-it.html]
[growtopiagame.com/faq/detail/is-my-childs-personal-information-safe-in-growtopia.html]
[growtopiagame.com/faq/detail/why-do-you-advise-players-to-create-growid.html]
[growtopiagame.com/faq/detail/how-to-keep-your-account-safe.html]
[growtopiagame.com/faq/detail/my-device-ip-is-banned.html]
[growtopiagame.com/faq/detail/account-support.html]
[growtopiagame.com/faq/detail/i-lost-access-to-my-old-e-mail-how-can-i-change-it.html]
[growtopiagame.com/faq/detail/how-can-i-change-my-e-mail.html]
[growtopiagame.com/faq/detail/i-forgot-my-password.html]
[growtopiagame.com/faq/detail/i-cannot-create-an-account.html]
[growtopiagame.com/faq/detail/lift-my-ban-promise-ill-behave.html]
[growtopiagame.com/faq/category-detail/user-account.html]
[growtopiagame.com/faq/detail/false-account-claims.html]
[growtopiagame.com/faq/detail/my-personal-data.html]
[growtopiagame.com/faq/detail/i-want-to-change-my-growid.html]
[growtopiagame.com/faq/detail/is-buying-selling-accounts-allowed.html]
[growtopiagame.com/contact-us.html]
[growtopiagame.com/faq/detail/my-device-ip-is-banned-but-showing-a-different-user.html]
[growtopiagame.com/faq/detail/splicing-cooking-fishing-surgery-and-more.html]
[growtopiagame.com/faq/detail/i-found-a-bug.html]
[growtopiagame.com/faq/detail/when-does-the-event-start.html]
[growtopiagame.com/faq/category-detail/gameplay.html]
[growtopiagame.com/faq/detail/how-can-i-be-supporter-super-supporter.html]
[growtopiagame.com/faq/detail/i-have-a-suggestion.html]
[growtopiagame.com/faq/detail/my-first-world.html]
[growtopiagame.com/faq/detail/how-to-get-started.html]
[growtopiagame.com/faq/detail/how-can-i-change-my-worlds-name.html]
[growtopiagame.com/faq/category-detail/technical-support.html]
[growtopiagame.com/faq/detail/android-cant-update-the-game.html]
[growtopiagame.com/faq/detail/android-my-game-crashes.html]
[growtopiagame.com/faq/detail/ios-my-game-crashes.html]
[growtopiagame.com/faq/detail/connectivity-issues.html]
[growtopiagame.com/faq/category-detail/fan-art-and-content.html]
[growtopiagame.com/faq/detail/sponsored-items-epic-quests.html]
[growtopiagame.com/faq/detail/using-growtopia-assets-for-apps-and-websites.html]
[growtopiagame.com/faq/detail/i-want-to-share-my-fan-art.html]
[growtopiagame.com/faq/detail/how-can-i-get-votw.html]
[growtopiagame.com/faq/detail/how-can-i-get-wotd.html]
[growtopiagame.com/faq/detail/i-want-a-refund-itunes-apple-purchases.html]
[growtopiagame.com/faq/detail/i-cannot-buy-gems.html]
[growtopiagame.com/faq/detail/can-i-get-free-gems.html]
[growtopiagame.com/faq/category-detail/payments.html]
[growtopiagame.com/faq/detail/missing-gems-from-tapjoy-offers.html]
[growtopiagame.com/faq/detail/i-bought-gems-and-i-did-not-receive-them.html]
[growtopiagame.com/faq/detail/my-child-made-purchases-without-my-permission.html]
[growtopiagame.com/faq/detail/i-want-a-refund-paypal-purchases.html]
[growtopiagame.com/faq/detail/i-want-a-refund-google-play-android-purchases.html]
[growtopiagame.com/faq/category-detail/moderators.html]
[growtopiagame.com/faq/detail/ive-been-scammed.html]
[growtopiagame.com/faq/detail/i-want-to-report-a-player-world.html]
[growtopiagame.com/faq/detail/i-want-to-be-a-moderator.html]
[growtopiagame.com/faq/detail/warning-moderator-phishing-sites.html]
[growtopiagame.com/account.html]
[growtopiagame.com/resources/vendors/font-awesome/fonts/fontawesome-webfont3e6e.svg]
[growtopiagame.com/faq/detail/how-can-i-protect-my-child-online-and-in-growtopia.html]
[growtopiagame.com/faq/detail/can-i-block-the-iap-purchases.html]
[growtopiagame.com/faq/detail/does-playing-growtopia-cost-money.html]
[growtopiagame.com/faq/detail/importance-of-online-safety.html]
[growtopiagame.com/faq/detail/how-to-keep-your-account-safe.html]
[growtopiagame.com/faq/detail/my-device-ip-is-banned.html]
[growtopiagame.com/faq/detail/account-support.html]
[growtopiagame.com/faq/detail/i-lost-access-to-my-old-e-mail-how-can-i-change-it.html]
[growtopiagame.com/change-email.html]
[growtopiagame.com/faq/detail/how-can-i-change-my-e-mail.html]
[growtopiagame.com/faq/detail/i-forgot-my-password.html]
[growtopiagame.com/faq/detail/i-cannot-create-an-account.html]
[growtopiagame.com/faq/detail/lift-my-ban-promise-ill-behave.html]
[growtopiagame.com/contact-us.html]
[growtopiagame.com/faq/detail/splicing-cooking-fishing-surgery-and-more.html]
[growtopiagame.com/faq/detail/i-found-a-bug.html]
[growtopiagame.com/faq/detail/when-does-the-event-start.html]
[growtopiagame.com/faq/detail/i-want-a-refund-itunes-apple-purchases.html]
[growtopiagame.com/faq/detail/i-cannot-buy-gems.html]
[growtopiagame.com/faq/detail/can-i-get-free-gems.html]
[growtopiagame.com/change-email.html]
